[www.oocities.org/sutekkim/mainpage.html]
[backblue.gif]
[fade.gif]
[index.html]
[www.oocities.org/sutekkim/b01.jpg]
[www.oocities.org/sutekkim/pp001.html]
[www.oocities.org/sutekkim/ld01.html]
[www.oocities.org/sutekkim/ps001.html]
[www.oocities.org/sutekkim/k01.html]
[www.oocities.org/sutekkim/up01.html]
[www.oocities.org/sutekkim/new.jpg]
[www.oocities.org/sutekkim/aboutme.html]
[www.oocities.org/sutekkim/contactme.html]
[www.oocities.org/sutekkim/artistexchangeb.jpg]
[www.oocities.org/sutekkim/chippingnortonlogo.jpg]
[www.oocities.org/sutekkim/momasmal.jpg]
[www.oocities.org/sutekkim/logo.jpg]
[www.oocities.org/sutekkim/madebymac.jpg]
[www.oocities.org/sutekkim/mainpage.html]
[www.oocities.org/sutekkim/pp001.jpg]
[www.oocities.org/sutekkim/pp002.html]
[www.oocities.org/sutekkim/pp001.html]
[www.oocities.org/sutekkim/ld01.jpg]
[www.oocities.org/sutekkim/ld02.html]
[www.oocities.org/sutekkim/ld01.html]
[www.oocities.org/sutekkim/c001.jpg]
[www.oocities.org/sutekkim/ps002.html]
[www.oocities.org/sutekkim/ps001.html]
[www.oocities.org/sutekkim/k01.jpg]
[www.oocities.org/sutekkim/k02.html]
[www.oocities.org/sutekkim/k01.html]
[www.oocities.org/sutekkim/k09.jpg]
[www.oocities.org/sutekkim/up02.html]
[www.oocities.org/sutekkim/up01.html]
[www.oocities.org/sutekkim/rps.jpg]
[www.oocities.org/sutekkim/capa.jpg]
[www.oocities.org/sutekkim/travelsinjapanandkorea.pdf]
[www.oocities.org/sutekkim/criticalreview.html]
[www.oocities.org/sutekkim/magnum.html]
[www.oocities.org/sutekkim/julipress.jpg]
[www.oocities.org/sutekkim/certificate.jpg]
[www.oocities.org/sutekkim/148_catalogue.pdf]
[www.oocities.org/sutekkim/sudo.jpg]
[www.oocities.org/sutekkim/atmarziart.jpg]
[www.oocities.org/sutekkim/withsadler.jpg]
[www.oocities.org/sutekkim/melbourneoz.jpg]
[www.oocities.org/sutekkim/roleplay.jpg]
[www.oocities.org/sutekkim/anoukvanessa.jpg]
[www.oocities.org/sutekkim/withtrishasam.jpg]
[www.oocities.org/sutekkim/aboutme.html]
[www.oocities.org/sutekkim/stpaulchurchlondon.jpg]
[www.oocities.org/sutekkim/hauptbahnhofhamburg.jpg]
[www.oocities.org/sutekkim/kyotojapan.jpg]
[www.oocities.org/sutekkim/cambrige.jpg]
[www.oocities.org/sutekkim/tokyo.jpg]
[www.oocities.org/sutekkim/kyoungjukorea.jpg]
[www.oocities.org/sutekkim/melbourne.jpg]
[www.oocities.org/sutekkim/flindersst.jpg]
[www.oocities.org/sutekkim/sydney.jpg]
[www.oocities.org/sutekkim/london.jpg]
[www.oocities.org/sutekkim/oldtemple.jpg]
[www.oocities.org/sutekkim/nationalgalleryofvictoria.jpg]
[www.oocities.org/sutekkim/contactme.html]
[www.oocities.org/sutekkim/pp002.jpg]
[www.oocities.org/sutekkim/pp003.html]
[www.oocities.org/sutekkim/pp002.html]
[www.oocities.org/sutekkim/ld02.jpg]
[www.oocities.org/sutekkim/ld03.html]
[www.oocities.org/sutekkim/ld02.html]
[www.oocities.org/sutekkim/c002.jpg]
[www.oocities.org/sutekkim/ps003.html]
[www.oocities.org/sutekkim/ps002.html]
[www.oocities.org/sutekkim/k02.jpg]
[www.oocities.org/sutekkim/k03.html]
[www.oocities.org/sutekkim/k02.html]
[www.oocities.org/sutekkim/k10.jpg]
[www.oocities.org/sutekkim/up03.html]
[www.oocities.org/sutekkim/up02.html]
[www.oocities.org/sutekkim/oxfordgazette.jpg]
[www.oocities.org/sutekkim/criticalreview.html]
[www.oocities.org/sutekkim/magnumcertificate.jpg]
[www.oocities.org/sutekkim/magnum.html]
[www.oocities.org/sutekkim/pp003.jpg]
[www.oocities.org/sutekkim/pp004.html]
[www.oocities.org/sutekkim/pp003.html]
[www.oocities.org/sutekkim/ld03.jpg]
[www.oocities.org/sutekkim/ld04.html]
[www.oocities.org/sutekkim/ld03.html]
[www.oocities.org/sutekkim/c003.jpg]
[www.oocities.org/sutekkim/ps004.html]
[www.oocities.org/sutekkim/ps003.html]
[www.oocities.org/sutekkim/k03.jpg]
[www.oocities.org/sutekkim/k04.html]
[www.oocities.org/sutekkim/k03.html]
[www.oocities.org/sutekkim/k11.jpg]
[www.oocities.org/sutekkim/up04.html]
[www.oocities.org/sutekkim/up03.html]
[www.oocities.org/sutekkim/pp004.jpg]
[www.oocities.org/sutekkim/pp005.html]
[www.oocities.org/sutekkim/pp004.html]
[www.oocities.org/sutekkim/ld04.jpg]
[www.oocities.org/sutekkim/ld05.html]
[www.oocities.org/sutekkim/ld04.html]
[www.oocities.org/sutekkim/c004.jpg]
[www.oocities.org/sutekkim/ps005.html]
[www.oocities.org/sutekkim/ps004.html]
[www.oocities.org/sutekkim/k04.jpg]
[www.oocities.org/sutekkim/k05.html]
[www.oocities.org/sutekkim/k04.html]
[www.oocities.org/sutekkim/k12.jpg]
[www.oocities.org/sutekkim/up05.html]
[www.oocities.org/sutekkim/up04.html]
[www.oocities.org/sutekkim/pp005.jpg]
[www.oocities.org/sutekkim/pp006.html]
[www.oocities.org/sutekkim/pp005.html]
[www.oocities.org/sutekkim/ld05.jpg]
[www.oocities.org/sutekkim/ld06.html]
[www.oocities.org/sutekkim/ld05.html]
[www.oocities.org/sutekkim/c005.jpg]
[www.oocities.org/sutekkim/ps006.html]
[www.oocities.org/sutekkim/ps005.html]
[www.oocities.org/sutekkim/k05.jpg]
[www.oocities.org/sutekkim/k06.html]
[www.oocities.org/sutekkim/k05.html]
[www.oocities.org/sutekkim/k13.jpg]
[www.oocities.org/sutekkim/up05.html]
[www.oocities.org/sutekkim/pp006.jpg]
[www.oocities.org/sutekkim/pp007.html]
[www.oocities.org/sutekkim/pp006.html]
[www.oocities.org/sutekkim/ld06.jpg]
[www.oocities.org/sutekkim/ld07.html]
[www.oocities.org/sutekkim/ld06.html]
[www.oocities.org/sutekkim/c006.jpg]
[www.oocities.org/sutekkim/ps006.html]
[www.oocities.org/sutekkim/k06.jpg]
[www.oocities.org/sutekkim/k06.html]
[www.oocities.org/sutekkim/up06.html]
[www.oocities.org/sutekkim/pp007.jpg]
[www.oocities.org/sutekkim/pp008.html]
[www.oocities.org/sutekkim/pp007.html]
[www.oocities.org/sutekkim/ld07.jpg]
[www.oocities.org/sutekkim/ld08.html]
[www.oocities.org/sutekkim/ld07.html]
[www.oocities.org/sutekkim/ps007.html]
[www.oocities.org/sutekkim/k07.html]
[www.oocities.org/sutekkim/pp008.jpg]
[www.oocities.org/sutekkim/pp008.html]
[www.oocities.org/sutekkim/ld08.jpg]
[www.oocities.org/sutekkim/ld08.html]
[www.oocities.org/sutekkim/continued.html]
[www.oocities.org/sutekkim/ld09.html]
